I'm sorry, but errors were detected in your script. Please correct the
errors listed below, and try again.


File "game/script.rpy", line 5: expected '=' not found.
    default unlocedclues[0,0,0]
                        ^

Ren'Py Version: Ren'Py 7.3.2.320
Wed Sep 04 23:51:26 2019
